──────────────────────────────────────────────────────────────────────────────────────────
[STEP 0001 | 17:06:11.407]  MALLOC TRIGGERED
Allocated: 1 bytes (+4 pad) @ Address: 1000
Memory Status: 5/50000 slots used (0.0%) | Free List: 0 gaps (0 slots)
 MAP: [!...................................................................................................]
 LEGEND: ! Latest Malloc | █ Active Block | ▒ Recycled Gap | . Unused Heap Space
──────────────────────────────────────────────────────────────────────────────────────────

──────────────────────────────────────────────────────────────────────────────────────────
[STEP 0002 | 17:06:11.408]  MALLOC TRIGGERED
Allocated: 1 bytes (+4 pad) @ Address: 1005
Memory Status: 10/50000 slots used (0.0%) | Free List: 0 gaps (0 slots)
 MAP: [!...................................................................................................]
 LEGEND: ! Latest Malloc | █ Active Block | ▒ Recycled Gap | . Unused Heap Space
──────────────────────────────────────────────────────────────────────────────────────────

──────────────────────────────────────────────────────────────────────────────────────────
[STEP 0003 | 17:06:11.408]  MALLOC TRIGGERED
Allocated: 1 bytes (+4 pad) @ Address: 1010
Memory Status: 15/50000 slots used (0.0%) | Free List: 0 gaps (0 slots)
 MAP: [!...................................................................................................]
 LEGEND: ! Latest Malloc | █ Active Block | ▒ Recycled Gap | . Unused Heap Space
──────────────────────────────────────────────────────────────────────────────────────────


 CLOSING PROGRAM! Initiating Mark-and-Sweep...
──────────────────────────────────────────────────────────────────────────────────────────
[STEP 0004 | 17:06:11.408]  MALLOC TRIGGERED
Memory Status: 15/50000 slots used (0.0%) | Free List: 0 gaps (0 slots)
 MAP: [█...................................................................................................]
 LEGEND: ! Latest Malloc | █ Active Block | ▒ Recycled Gap | . Unused Heap Space
──────────────────────────────────────────────────────────────────────────────────────────

 GC SWEEP COMPLETE!
──────────────────────────────────────────────────────────────────────────────────────────
[STEP 0005 | 17:06:11.408]  MALLOC TRIGGERED
Memory Status: 0/50000 slots used (0.0%) | Free List: 3 gaps (15 slots)
 MAP: [░...................................................................................................]
 LEGEND: ! Latest Malloc | █ Active Block | ▒ Recycled Gap | . Unused Heap Space
──────────────────────────────────────────────────────────────────────────────────────────

